// Jest Snapshot v1, https://goo.gl/fbAQLP

exports[`<Nav /> snapshot 1`] = `
<nav
  className="nav"
>
  <div
    className="content container"
  >
    <div
      className="notice"
    >
      <img
        alt="speaker"
        className="notice__img"
        src="speaker.gif"
      />
      <ul
        className="notice__list"
      >
        <li
          className="notice__item"
        />
      </ul>
    </div>
    <div
      className="link"
    >
      <ul
        className="link__list"
      >
        <li
          className="link__item"
        >
          <div
            className="link__link"
          >
            登录/注册
          </div>
        </li>
        <li
          className="link__item"
        >
          <div
            className="link__link"
          >
            会员
          </div>
        </li>
        <li
          className="link__item"
        >
          <div
            className="link__link"
          >
            甄选家
          </div>
        </li>
        <li
          className="link__item"
        >
          <div
            className="link__link ant-dropdown-trigger"
            onMouseEnter={[Function]}
            onMouseLeave={[Function]}
          >
            企业采购 
            <span
              aria-label="down"
              className="anticon anticon-down"
              role="img"
            >
              <svg
                aria-hidden="true"
                className=""
                data-icon="down"
                fill="currentColor"
                focusable="false"
                height="1em"
                viewBox="64 64 896 896"
                width="1em"
              >
                <path
                  d="M884 256h-75c-5.1 0-9.9 2.5-12.9 6.6L512 654.2 227.9 262.6c-3-4.1-7.8-6.6-12.9-6.6h-75c-6.5 0-10.3 7.4-6.5 12.7l352.6 486.1c12.8 17.6 39 17.6 51.7 0l352.6-486.1c3.9-5.3.1-12.7-6.4-12.7z"
                />
              </svg>
            </span>
          </div>
        </li>
        <li
          className="link__item"
        >
          <div
            className="link__link ant-dropdown-trigger"
            onMouseEnter={[Function]}
            onMouseLeave={[Function]}
          >
            客户服务 
            <span
              aria-label="down"
              className="anticon anticon-down"
              role="img"
            >
              <svg
                aria-hidden="true"
                className=""
                data-icon="down"
                fill="currentColor"
                focusable="false"
                height="1em"
                viewBox="64 64 896 896"
                width="1em"
              >
                <path
                  d="M884 256h-75c-5.1 0-9.9 2.5-12.9 6.6L512 654.2 227.9 262.6c-3-4.1-7.8-6.6-12.9-6.6h-75c-6.5 0-10.3 7.4-6.5 12.7l352.6 486.1c12.8 17.6 39 17.6 51.7 0l352.6-486.1c3.9-5.3.1-12.7-6.4-12.7z"
                />
              </svg>
            </span>
          </div>
        </li>
        <li
          className="link__item"
        >
          <div
            className="link__link"
          >
            <span
              className="link__appIcon"
            />
            APP
          </div>
        </li>
      </ul>
    </div>
  </div>
  <div
    className="login"
  />
</nav>
`;
