// Jest Snapshot v1, https://goo.gl/fbAQLP

exports[`getNotices Saga 获取通知成功后调用 setNotices action 1`] = `
Object {
  "@@redux-saga/IO": true,
  "combinator": false,
  "payload": Object {
    "args": Array [],
    "context": null,
    "fn": [Function],
  },
  "type": "CALL",
}
`;
